{"timestamp": "2025-10-29T11:14:34.222953", "type": "logon", "user_id": "9ac64daa-8de4-4a30-bdcb-4d522e3ee742", "username": "z1", "details": "Suspicious logon behavior detected for z1", "severity": "high"}
{"timestamp": "2025-10-29T11:14:34.239845", "type": "file", "user_id": "9ac64daa-8de4-4a30-bdcb-4d522e3ee742", "username": "z1", "details": "Suspicious file activity detected for z1: Mass_Delete on sensitive.db", "severity": "high"}
{"timestamp": "2025-10-29T11:14:34.257001", "type": "http", "user_id": "9ac64daa-8de4-4a30-bdcb-4d522e3ee742", "username": "z1", "details": "Suspicious HTTP activity detected for z1 (URL: http://example.com/download/ve...)", "severity": "medium"}
{"timestamp": "2025-10-29T11:14:34.274105", "type": "device", "user_id": "9ac64daa-8de4-4a30-bdcb-4d522e3ee742", "username": "z1", "details": "ANOMALY: Suspicious device connection for z1", "severity": "high"}
{"timestamp": "2025-10-29T12:49:18.090490", "type": "logon", "user_id": "9ac64daa-8de4-4a30-bdcb-4d522e3ee742", "username": "z1", "details": "Suspicious logon behavior detected for z1", "severity": "high"}
{"timestamp": "2025-10-29T12:49:18.146190", "type": "file", "user_id": "9ac64daa-8de4-4a30-bdcb-4d522e3ee742", "username": "z1", "details": "Suspicious file activity detected for z1: Mass_Delete on sensitive.db", "severity": "high"}
{"timestamp": "2025-10-29T12:49:18.197307", "type": "http", "user_id": "9ac64daa-8de4-4a30-bdcb-4d522e3ee742", "username": "z1", "details": "Suspicious HTTP activity detected for z1 (URL: http://example.com/download/ve...)", "severity": "medium"}
{"timestamp": "2025-10-29T12:49:18.247281", "type": "device", "user_id": "9ac64daa-8de4-4a30-bdcb-4d522e3ee742", "username": "z1", "details": "ANOMALY: Suspicious device connection for z1", "severity": "high"}
{"timestamp": "2025-10-29T12:51:58.094372", "type": "logon", "user_id": "78060be8-8926-429d-a16d-eb401536bda4", "username": "a1", "details": "Suspicious logon behavior detected for a1", "severity": "high"}
{"timestamp": "2025-10-29T12:51:58.133816", "type": "file", "user_id": "78060be8-8926-429d-a16d-eb401536bda4", "username": "a1", "details": "Suspicious file activity detected for a1: Mass_Delete on sensitive.db", "severity": "high"}
{"timestamp": "2025-10-29T12:51:58.172405", "type": "http", "user_id": "78060be8-8926-429d-a16d-eb401536bda4", "username": "a1", "details": "Suspicious HTTP activity detected for a1 (URL: http://example.com/download/ve...)", "severity": "medium"}
{"timestamp": "2025-10-29T12:51:58.206936", "type": "device", "user_id": "78060be8-8926-429d-a16d-eb401536bda4", "username": "a1", "details": "ANOMALY: Suspicious device connection for a1", "severity": "high"}
{"timestamp": "2025-10-30T21:26:58.511464", "type": "logon", "user_id": "78060be8-8926-429d-a16d-eb401536bda4", "username": "a1", "details": "Suspicious logon behavior detected for a1", "severity": "high"}
{"timestamp": "2025-10-30T21:26:58.544088", "type": "file", "user_id": "78060be8-8926-429d-a16d-eb401536bda4", "username": "a1", "details": "Suspicious file activity detected for a1: Mass_Delete on sensitive.db", "severity": "high"}
{"timestamp": "2025-10-30T21:26:58.666061", "type": "http", "user_id": "78060be8-8926-429d-a16d-eb401536bda4", "username": "a1", "details": "Suspicious HTTP activity detected for a1 (URL: http://example.com/download/ve...)", "severity": "medium"}
{"timestamp": "2025-10-30T21:26:58.695988", "type": "device", "user_id": "78060be8-8926-429d-a16d-eb401536bda4", "username": "a1", "details": "ANOMALY: Suspicious device connection for a1", "severity": "high"}
{"timestamp": "2025-11-20T19:33:13.672190", "type": "logon", "user_id": "78060be8-8926-429d-a16d-eb401536bda4", "username": "a1", "details": "Suspicious logon behavior detected for a1", "severity": "high"}
{"timestamp": "2025-11-20T19:47:23.024173", "type": "logon", "user_id": "78060be8-8926-429d-a16d-eb401536bda4", "username": "a1", "details": "Suspicious logon behavior detected for a1", "severity": "high"}
{"timestamp": "2025-11-20T20:24:16.889148", "type": "logon", "user_id": "78060be8-8926-429d-a16d-eb401536bda4", "username": "a1", "details": "Suspicious logon behavior detected for a1", "severity": "high"}
{"timestamp": "2025-11-20T20:43:36.968296", "type": "logon", "user_id": "78060be8-8926-429d-a16d-eb401536bda4", "username": "a1", "details": "Suspicious logon behavior detected for a1", "severity": "high"}
{"timestamp": "2025-11-20T21:31:00.809454", "type": "logon", "user_id": "78060be8-8926-429d-a16d-eb401536bda4", "username": "a1", "details": "Suspicious logon behavior detected for a1", "severity": "high"}
{"timestamp": "2025-11-20T21:32:33.908264", "type": "logon", "user_id": "78060be8-8926-429d-a16d-eb401536bda4", "username": "a1", "details": "Suspicious logon behavior detected for a1", "severity": "high"}
{"timestamp": "2025-11-20T21:39:47.969927", "type": "logon", "user_id": "78060be8-8926-429d-a16d-eb401536bda4", "username": "a1", "details": "Suspicious logon behavior detected for a1", "severity": "high"}
{"timestamp": "2025-11-20T21:39:58.349217", "type": "device", "user_id": "78060be8-8926-429d-a16d-eb401536bda4", "username": "a1", "details": "ANOMALY: Suspicious device connection for a1", "severity": "high"}
{"timestamp": "2025-11-20T21:39:58.447556", "type": "device", "user_id": "78060be8-8926-429d-a16d-eb401536bda4", "username": "a1", "details": "ANOMALY: Suspicious device connection for a1", "severity": "high"}
{"timestamp": "2025-11-20T21:39:58.467315", "type": "device", "user_id": "78060be8-8926-429d-a16d-eb401536bda4", "username": "a1", "details": "ANOMALY: Suspicious device connection for a1", "severity": "high"}
{"timestamp": "2025-11-20T21:40:13.668255", "type": "device", "user_id": "78060be8-8926-429d-a16d-eb401536bda4", "username": "a1", "details": "ANOMALY: Suspicious device connection for a1", "severity": "high"}
{"timestamp": "2025-11-20T21:40:13.690397", "type": "device", "user_id": "78060be8-8926-429d-a16d-eb401536bda4", "username": "a1", "details": "ANOMALY: Suspicious device connection for a1", "severity": "high"}
{"timestamp": "2025-11-20T21:40:13.716463", "type": "device", "user_id": "78060be8-8926-429d-a16d-eb401536bda4", "username": "a1", "details": "ANOMALY: Suspicious device connection for a1", "severity": "high"}
{"timestamp": "2025-11-20T21:42:39.049272", "type": "device", "user_id": "78060be8-8926-429d-a16d-eb401536bda4", "username": "a1", "details": "ANOMALY: Suspicious device connection for a1", "severity": "high"}
{"timestamp": "2025-11-20T21:44:19.495060", "type": "device", "user_id": "78060be8-8926-429d-a16d-eb401536bda4", "username": "a1", "details": "ANOMALY: Suspicious device connection for a1", "severity": "high"}
{"timestamp": "2025-11-20T21:44:19.516233", "type": "device", "user_id": "78060be8-8926-429d-a16d-eb401536bda4", "username": "a1", "details": "ANOMALY: Suspicious device connection for a1", "severity": "high"}
{"timestamp": "2025-11-20T21:44:19.538032", "type": "device", "user_id": "78060be8-8926-429d-a16d-eb401536bda4", "username": "a1", "details": "ANOMALY: Suspicious device connection for a1", "severity": "high"}
{"timestamp": "2025-11-20T21:44:34.650883", "type": "device", "user_id": "78060be8-8926-429d-a16d-eb401536bda4", "username": "a1", "details": "ANOMALY: Suspicious device connection for a1", "severity": "high"}
{"timestamp": "2025-11-20T21:44:34.672477", "type": "device", "user_id": "78060be8-8926-429d-a16d-eb401536bda4", "username": "a1", "details": "ANOMALY: Suspicious device connection for a1", "severity": "high"}
{"timestamp": "2025-11-20T21:44:34.695105", "type": "device", "user_id": "78060be8-8926-429d-a16d-eb401536bda4", "username": "a1", "details": "ANOMALY: Suspicious device connection for a1", "severity": "high"}
{"timestamp": "2025-11-20T21:45:14.989843", "type": "device", "user_id": "78060be8-8926-429d-a16d-eb401536bda4", "username": "a1", "details": "ANOMALY: Suspicious device connection for a1", "severity": "high"}
{"timestamp": "2025-11-20T21:45:15.013025", "type": "device", "user_id": "78060be8-8926-429d-a16d-eb401536bda4", "username": "a1", "details": "ANOMALY: Suspicious device connection for a1", "severity": "high"}
{"timestamp": "2025-11-20T21:45:15.097590", "type": "device", "user_id": "78060be8-8926-429d-a16d-eb401536bda4", "username": "a1", "details": "ANOMALY: Suspicious device connection for a1", "severity": "high"}
{"timestamp": "2025-11-20T21:45:35.233627", "type": "device", "user_id": "78060be8-8926-429d-a16d-eb401536bda4", "username": "a1", "details": "ANOMALY: Suspicious device connection for a1", "severity": "high"}
{"timestamp": "2025-11-20T21:45:35.321534", "type": "device", "user_id": "78060be8-8926-429d-a16d-eb401536bda4", "username": "a1", "details": "ANOMALY: Suspicious device connection for a1", "severity": "high"}
{"timestamp": "2025-11-20T21:45:35.340077", "type": "device", "user_id": "78060be8-8926-429d-a16d-eb401536bda4", "username": "a1", "details": "ANOMALY: Suspicious device connection for a1", "severity": "high"}
{"timestamp": "2025-11-20T21:46:14.034720", "type": "logon", "user_id": "78060be8-8926-429d-a16d-eb401536bda4", "username": "a1", "details": "Suspicious logon behavior detected for a1", "severity": "high"}
{"timestamp": "2025-11-20T21:47:04.620769", "type": "device", "user_id": "78060be8-8926-429d-a16d-eb401536bda4", "username": "a1", "details": "ANOMALY: Suspicious device connection for a1", "severity": "high"}
{"timestamp": "2025-11-20T21:47:04.644748", "type": "device", "user_id": "78060be8-8926-429d-a16d-eb401536bda4", "username": "a1", "details": "ANOMALY: Suspicious device connection for a1", "severity": "high"}
{"timestamp": "2025-11-20T21:47:04.757669", "type": "device", "user_id": "78060be8-8926-429d-a16d-eb401536bda4", "username": "a1", "details": "ANOMALY: Suspicious device connection for a1", "severity": "high"}
{"timestamp": "2025-11-20T21:47:19.880939", "type": "device", "user_id": "78060be8-8926-429d-a16d-eb401536bda4", "username": "a1", "details": "ANOMALY: Suspicious device connection for a1", "severity": "high"}
{"timestamp": "2025-11-20T21:47:19.901064", "type": "device", "user_id": "78060be8-8926-429d-a16d-eb401536bda4", "username": "a1", "details": "ANOMALY: Suspicious device connection for a1", "severity": "high"}
{"timestamp": "2025-11-20T21:47:19.920484", "type": "device", "user_id": "78060be8-8926-429d-a16d-eb401536bda4", "username": "a1", "details": "ANOMALY: Suspicious device connection for a1", "severity": "high"}
{"timestamp": "2025-11-20T21:52:43.005803", "type": "logon", "user_id": "78060be8-8926-429d-a16d-eb401536bda4", "username": "a1", "details": "Suspicious logon behavior detected for a1", "severity": "high"}
{"timestamp": "2025-11-20T21:53:12.017142", "type": "device", "user_id": "78060be8-8926-429d-a16d-eb401536bda4", "username": "a1", "details": "ANOMALY: Suspicious device connection for a1", "severity": "high"}
{"timestamp": "2025-11-20T21:53:46.515281", "type": "device", "user_id": "78060be8-8926-429d-a16d-eb401536bda4", "username": "a1", "details": "ANOMALY: Suspicious device connection for a1", "severity": "high"}
{"timestamp": "2025-11-20T21:56:54.889655", "type": "device", "user_id": "78060be8-8926-429d-a16d-eb401536bda4", "username": "a1", "details": "ANOMALY: Suspicious device connection for a1", "severity": "high"}
{"timestamp": "2025-11-20T21:58:42.104665", "type": "logon", "user_id": "78060be8-8926-429d-a16d-eb401536bda4", "username": "a1", "details": "Suspicious logon behavior detected for a1", "severity": "high"}
{"timestamp": "2025-11-20T22:02:09.334311", "type": "device", "user_id": "78060be8-8926-429d-a16d-eb401536bda4", "username": "a1", "details": "ANOMALY: Suspicious device connection for a1", "severity": "high"}
{"timestamp": "2025-11-20T22:02:25.577392", "type": "device", "user_id": "78060be8-8926-429d-a16d-eb401536bda4", "username": "a1", "details": "ANOMALY: Suspicious device connection for a1", "severity": "high"}
{"timestamp": "2025-11-20T22:02:50.255654", "type": "device", "user_id": "78060be8-8926-429d-a16d-eb401536bda4", "username": "a1", "details": "ANOMALY: Suspicious device connection for a1", "severity": "high"}
{"timestamp": "2025-11-20T22:03:04.828252", "type": "device", "user_id": "78060be8-8926-429d-a16d-eb401536bda4", "username": "a1", "details": "ANOMALY: Suspicious device connection for a1", "severity": "high"}
{"timestamp": "2025-11-20T22:08:11.943349", "type": "device", "user_id": "78060be8-8926-429d-a16d-eb401536bda4", "username": "a1", "details": "ANOMALY: Suspicious device connection for a1", "severity": "high"}
{"timestamp": "2025-11-20T22:08:35.763335", "type": "device", "user_id": "78060be8-8926-429d-a16d-eb401536bda4", "username": "a1", "details": "ANOMALY: Suspicious device connection for a1", "severity": "high"}
{"timestamp": "2025-11-21T07:59:13.514769", "type": "device", "user_id": "78060be8-8926-429d-a16d-eb401536bda4", "username": "a1", "details": "ANOMALY: Suspicious device connection for a1", "severity": "high"}
{"timestamp": "2025-11-21T07:59:36.084795", "type": "device", "user_id": "78060be8-8926-429d-a16d-eb401536bda4", "username": "a1", "details": "ANOMALY: Suspicious device connection for a1", "severity": "high"}
{"timestamp": "2025-11-21T08:01:04.357981", "type": "logon", "user_id": "78060be8-8926-429d-a16d-eb401536bda4", "username": "a1", "details": "Suspicious logon behavior detected for a1", "severity": "high"}
{"timestamp": "2025-11-21T08:01:04.456404", "type": "file", "user_id": "78060be8-8926-429d-a16d-eb401536bda4", "username": "a1", "details": "Suspicious file activity detected for a1: Mass_Delete on sensitive.db", "severity": "high"}
{"timestamp": "2025-11-21T08:01:04.573103", "type": "http", "user_id": "78060be8-8926-429d-a16d-eb401536bda4", "username": "a1", "details": "Suspicious HTTP activity detected for a1 (URL: http://example.com/download/ve...)", "severity": "medium"}
{"timestamp": "2025-11-21T08:01:05.209146", "type": "device", "user_id": "78060be8-8926-429d-a16d-eb401536bda4", "username": "a1", "details": "ANOMALY: Suspicious device connection for a1", "severity": "high"}
{"timestamp": "2025-11-21T08:01:57.801489", "type": "device", "user_id": "78060be8-8926-429d-a16d-eb401536bda4", "username": "a1", "details": "ANOMALY: Suspicious device connection for a1", "severity": "high"}
{"timestamp": "2025-11-21T08:02:12.634069", "type": "device", "user_id": "78060be8-8926-429d-a16d-eb401536bda4", "username": "a1", "details": "ANOMALY: Suspicious device connection for a1", "severity": "high"}
{"timestamp": "2025-11-21T08:12:48.304606", "type": "device", "user_id": "78060be8-8926-429d-a16d-eb401536bda4", "username": "a1", "details": "ANOMALY: Suspicious device connection for a1", "severity": "high"}
{"timestamp": "2025-11-21T08:13:14.030554", "type": "device", "user_id": "78060be8-8926-429d-a16d-eb401536bda4", "username": "a1", "details": "ANOMALY: Suspicious device connection for a1", "severity": "high"}
{"timestamp": "2025-11-21T08:13:19.989568", "type": "device", "user_id": "78060be8-8926-429d-a16d-eb401536bda4", "username": "a1", "details": "ANOMALY: Suspicious device connection for a1", "severity": "high"}
{"timestamp": "2025-11-21T08:13:28.884487", "type": "device", "user_id": "78060be8-8926-429d-a16d-eb401536bda4", "username": "a1", "details": "ANOMALY: Suspicious device connection for a1", "severity": "high"}
{"timestamp": "2025-11-21T08:13:44.333970", "type": "device", "user_id": "78060be8-8926-429d-a16d-eb401536bda4", "username": "a1", "details": "ANOMALY: Suspicious device connection for a1", "severity": "high"}
{"timestamp": "2025-11-21T08:13:56.979117", "type": "device", "user_id": "78060be8-8926-429d-a16d-eb401536bda4", "username": "a1", "details": "ANOMALY: Suspicious device connection for a1", "severity": "high"}
{"timestamp": "2025-11-21T08:19:10.534523", "type": "device", "user_id": "78060be8-8926-429d-a16d-eb401536bda4", "username": "a1", "details": "ANOMALY: Suspicious device connection for a1", "severity": "high"}
{"timestamp": "2025-11-21T08:19:21.437763", "type": "device", "user_id": "78060be8-8926-429d-a16d-eb401536bda4", "username": "a1", "details": "ANOMALY: Suspicious device connection for a1", "severity": "high"}
{"timestamp": "2025-11-21T08:39:28.664380", "type": "device", "user_id": "78060be8-8926-429d-a16d-eb401536bda4", "username": "a1", "details": "ANOMALY: Suspicious device connection for a1", "severity": "high"}
{"timestamp": "2025-11-21T08:39:39.675553", "type": "device", "user_id": "78060be8-8926-429d-a16d-eb401536bda4", "username": "a1", "details": "ANOMALY: Suspicious device connection for a1", "severity": "high"}
{"timestamp": "2025-11-21T08:39:54.140006", "type": "device", "user_id": "78060be8-8926-429d-a16d-eb401536bda4", "username": "a1", "details": "ANOMALY: Suspicious device connection for a1", "severity": "high"}
{"timestamp": "2025-11-21T08:42:29.616176", "type": "device", "user_id": "78060be8-8926-429d-a16d-eb401536bda4", "username": "a1", "details": "ANOMALY: Suspicious device connection for a1", "severity": "high"}
{"timestamp": "2025-11-21T08:44:25.962269", "type": "device", "user_id": "78060be8-8926-429d-a16d-eb401536bda4", "username": "a1", "details": "ANOMALY: Suspicious device connection for a1", "severity": "high"}
{"timestamp": "2025-11-21T08:44:34.043353", "type": "device", "user_id": "78060be8-8926-429d-a16d-eb401536bda4", "username": "a1", "details": "ANOMALY: Suspicious device connection for a1", "severity": "high"}
{"timestamp": "2025-11-21T08:44:59.133584", "type": "device", "user_id": "78060be8-8926-429d-a16d-eb401536bda4", "username": "a1", "details": "ANOMALY: Suspicious device connection for a1", "severity": "high"}
{"timestamp": "2025-11-21T08:45:25.311381", "type": "device", "user_id": "78060be8-8926-429d-a16d-eb401536bda4", "username": "a1", "details": "ANOMALY: Suspicious device connection for a1", "severity": "high"}
{"timestamp": "2025-11-21T08:47:24.338572", "type": "logon", "user_id": "78060be8-8926-429d-a16d-eb401536bda4", "username": "a1", "details": "Suspicious logon behavior detected for a1", "severity": "high"}
{"timestamp": "2025-11-21T08:47:41.751906", "type": "logon", "user_id": "78060be8-8926-429d-a16d-eb401536bda4", "username": "a1", "details": "Suspicious logon behavior detected for a1", "severity": "high"}
{"timestamp": "2025-11-21T08:49:10.746721", "type": "logon", "user_id": "78060be8-8926-429d-a16d-eb401536bda4", "username": "a1", "details": "Suspicious logon behavior detected for a1", "severity": "high"}
{"timestamp": "2025-11-21T08:49:15.662972", "type": "logon", "user_id": "78060be8-8926-429d-a16d-eb401536bda4", "username": "a1", "details": "Suspicious logon behavior detected for a1", "severity": "high"}
{"timestamp": "2025-11-21T08:49:19.631928", "type": "logon", "user_id": "78060be8-8926-429d-a16d-eb401536bda4", "username": "a1", "details": "Suspicious logon behavior detected for a1", "severity": "high"}
{"timestamp": "2025-11-21T08:49:49.522401", "type": "file", "user_id": "78060be8-8926-429d-a16d-eb401536bda4", "username": "a1", "details": "Suspicious file activity detected for a1: Mass_Delete on sensitive.db", "severity": "high"}
{"timestamp": "2025-11-21T08:50:13.308894", "type": "http", "user_id": "78060be8-8926-429d-a16d-eb401536bda4", "username": "a1", "details": "Suspicious HTTP activity detected for a1 (URL: http://example.com/download/ve...)", "severity": "medium"}
{"timestamp": "2025-11-21T08:52:34.636828", "type": "device", "user_id": "78060be8-8926-429d-a16d-eb401536bda4", "username": "a1", "details": "ANOMALY: Suspicious device connection for a1", "severity": "high"}
{"timestamp": "2025-11-21T08:52:41.848800", "type": "device", "user_id": "78060be8-8926-429d-a16d-eb401536bda4", "username": "a1", "details": "ANOMALY: Suspicious device connection for a1", "severity": "high"}
{"timestamp": "2025-11-21T08:52:49.917841", "type": "device", "user_id": "78060be8-8926-429d-a16d-eb401536bda4", "username": "a1", "details": "ANOMALY: Suspicious device connection for a1", "severity": "high"}
{"timestamp": "2025-11-21T08:53:03.929315", "type": "device", "user_id": "78060be8-8926-429d-a16d-eb401536bda4", "username": "a1", "details": "ANOMALY: Suspicious device connection for a1", "severity": "high"}
{"timestamp": "2025-11-21T09:07:07.263927", "type": "device", "user_id": "cc281fc1-88eb-43ab-ad4d-cc701eed21e9", "username": "s1", "details": "ANOMALY: Suspicious device connection for s1", "severity": "high"}
{"timestamp": "2025-11-21T09:31:38.689340", "type": "device", "user_id": "150df25b-24e4-4d5f-88bf-acfa65371982", "username": "arun", "details": "ANOMALY: Suspicious device connection for arun", "severity": "high"}
{"timestamp": "2025-11-21T09:37:31.572986", "type": "device", "user_id": "150df25b-24e4-4d5f-88bf-acfa65371982", "username": "arun", "details": "ANOMALY: Suspicious device connection for arun", "severity": "high"}
{"timestamp": "2025-11-21T09:45:03.209573", "type": "device", "user_id": "150df25b-24e4-4d5f-88bf-acfa65371982", "username": "arun", "details": "ANOMALY: Suspicious device connection for arun", "severity": "high"}
{"timestamp": "2025-11-21T09:45:11.997088", "type": "device", "user_id": "150df25b-24e4-4d5f-88bf-acfa65371982", "username": "arun", "details": "ANOMALY: Suspicious device connection for arun", "severity": "high"}
